Двоичный файл /etc/ssl/certs/java/cacerts совпадает
joe@EXAMPLE.COM
fred@EXAMPLE.COM
root@hail.cloud
root@sleet.cloud
Lepied@sugix.frmug
Lepied@sugix.frmug
eichin@kitten.gen
rafael@debian.org
agmartin@debian.org
naumann@unileoben.ac
edd@debian.org
jrv@vanzandt.mv
devel@lists.alioth
kel@otaku42.de
devel@lists.alioth
shaunm@gnome.org
pdewacht@gmail.com
jplejacq@quoininc.com
martin@piware.de
somelocaluser@this.machine
users@lists.alioth
somelocaluser@this.machine
users@lists.alioth
jtang@tresys.com
dhowells@redhat.com
bzed@debian.org
biebl@debian.org
miquels@cistron.nl
hmh@rcm.org
rleigh@debian.org
rob@mars.org
agi@inittab.org
mueller@teamix.net
biebl@debian.org
miquels@drinkel.ow
imurdock@gnu.ai
timc@chiark.greenend
ametzler@debian.org
packages@zugschlus.de
agx@sigxcpu.org
printing@lists.debian
agx@sigxcpu.org
walters@debian.org
sjoerd@debian.org
x@lists.debian
64@openssh.com
kahan@informatik.tu
ajt@debian.org
someone@isp.com
someoneelse@anotherisp.com
alex@googlemail.com
Двоичный файл /etc/apt/trusted.gpg совпадает
Двоичный файл /etc/apt/trusted.gpg~ совпадает
jon@jon.demon
mike@piratehaven.org
and1000@debian.org
pitt@ubuntu.com
jamie@canonical.com
jamie@canonical.com
username@site.domain
slavazanko@gmail.com
